[www.melangesimsr.com/index.html]
[backblue.gif]
[fade.gif]
[index.html]
[www.melangesimsr.com/assets/melange2020/img/favicon.ico]
[www.melangesimsr.com/assets/melange2020/css/style.css]
[www.melangesimsr.com/assets/melange2020/lib/bootstrap/css/bootstrap.min.css]
[www.melangesimsr.com/assets/melange2020/lib/animate/animate.min.css]
[www.melangesimsr.com/assets/melange2020/lib/venobox/venobox.css]
[www.melangesimsr.com/assets/melange2020/lib/owlcarousel/assets/owl.carousel.min.css]
[www.melangesimsr.com/assets/melange2020/css/events/eventcategories.css]
[www.melangesimsr.com/assets/melange2020/css/preloader/preloader.css]
[www.melangesimsr.com/assets/melange2020/css/countdown/countdown.css]
[www.melangesimsr.com/assets/melange2020/css/countdown/countdown_responsive.css]
[www.melangesimsr.com/assets/melange2020/css/countdown/jquery.classycountdown.css]
[www.melangesimsr.com/assets/melange2020/css/theme/theme.css]
[www.melangesimsr.com/assets/melange2020/css/ourReach/ourReach.css]
[www.melangesimsr.com/assets/melange2020/img/logo.png]
[www.melangesimsr.com/gallery.html]
[www.melangesimsr.com/allsponsors.html]
[www.melangesimsr.com/assets/melange2020/img/aftermovie.mp4]
[www.melangesimsr.com/assets/melange2020/img/melange_logo.png]
[www.melangesimsr.com/assets/melange2020/img/starnight2020(lg).png]
[www.melangesimsr.com/allspeakers.html]
[www.melangesimsr.com/star_night.html]
[www.melangesimsr.com/assets/melange2020/img/recycle-MelangeLogo.png]
[www.melangesimsr.com/event_details_2020b2f3.html]
[www.melangesimsr.com/assets/melange2020/img/EventPosters/Abhigrahan.jpg]
[www.melangesimsr.com/assets/melange2020/img/EventPosters/Commercio.jpg]
[www.melangesimsr.com/assets/melange2020/img/EventPosters/Corporate_Ranbhoomi.jpg]
[www.melangesimsr.com/assets/melange2020/img/EventPosters/Equity_Research_Competition.jpg]
[www.melangesimsr.com/assets/melange2020/img/EventPosters/Green_Trade.jpg]
[www.melangesimsr.com/assets/melange2020/img/EventPosters/OpsQuest.jpg]
[www.melangesimsr.com/assets/melange2020/img/EventPosters/Stratinnova.jpg]
[www.melangesimsr.com/assets/melange2020/img/EventPosters/Varigating_Brands.jpg]
[www.melangesimsr.com/assets/melange2020/img/EventPosters/Glitterati.jpg]
[www.melangesimsr.com/assets/melange2020/img/EventPosters/Razzmatazz.jpg]
[www.melangesimsr.com/event_details_20202200.html]
[www.melangesimsr.com/event_details_20204ad5.html]
[www.melangesimsr.com/assets/melange2020/img/EventPosters/Natsamrat.jpg]
[www.melangesimsr.com/event_details_20201e7f.html]
[www.melangesimsr.com/event_details_2020bf0a.html]
[www.melangesimsr.com/assets/melange2020/img/EventPosters/Crescendo.jpg]
[www.melangesimsr.com/assets/melange2020/img/EventPosters/Game_Theory.jpg]
[www.melangesimsr.com/assets/melange2020/img/EventPosters/Civil_War.jpg]
[www.melangesimsr.com/assets/melange2020/img/speakers/Speakers20/GeetaUppal.jpg]
[www.melangesimsr.com/assets/melange2020/img/speakers/Speakers20/SujanRoy.jpg]
[www.melangesimsr.com/assets/melange2020/img/speakers/Speakers20/PrashantMahajan.jpg]
[www.melangesimsr.com/assets/melange2020/img/Melange Pics/Gallery20/Star_Night14.jpg]
[www.melangesimsr.com/speaker_details0979.html]
[www.melangesimsr.com/assets/melange2020/img/Melange Pics/Gallery20/Star_Night2.jpg]
[www.melangesimsr.com/assets/melange2020/img/Melange Pics/Gallery20/Aagaz1.jpg]
[www.melangesimsr.com/assets/melange2020/img/Melange Pics/Gallery20/Aagaz5.jpg]
[www.melangesimsr.com/assets/melange2020/img/Melange Pics/Gallery20/Aagaz8.jpg]
[www.melangesimsr.com/assets/melange2020/img/Melange Pics/Gallery20/CSR4.jpg]
[www.melangesimsr.com/assets/melange2020/img/Melange Pics/Gallery20/CSR3.jpg]
[www.melangesimsr.com/assets/melange2020/img/Melange Pics/Gallery20/CSR10.jpg]
[www.melangesimsr.com/assets/melange2020/img/sponsors/Sponsors20/NatGeo.jpg]
[www.melangesimsr.com/assets/melange2020/img/sponsors/Sponsors20/Pepsico.jpg]
[www.melangesimsr.com/assets/melange2020/img/sponsors/Sponsors20/Grapevine.jpg]
[www.melangesimsr.com/assets/melange2020/img/reachInstitute2.png]
[www.melangesimsr.com/assets/melange2020/img/reachAlumni2.png]
[www.melangesimsr.com/assets/melange2020/img/reachFootfall2.png]
[www.melangesimsr.com/assets/melange2020/img/reachSM2.png]
[www.melangesimsr.com/cdn-cgi/scripts/5c5dd728/cloudflare-static/email-decode.min.js]
[www.melangesimsr.com/assets/melange2020/js/countdown/jquery.countdown.min.js]
[www.melangesimsr.com/assets/melange2020/js/countdown/countdown.js]
[www.melangesimsr.com/assets/melange2020/js/conf.js]
[www.melangesimsr.com/assets/melange2020/lib/jquery/jquery-migrate.min.js]
[www.melangesimsr.com/assets/melange2020/lib/easing/easing.min.js]
[www.melangesimsr.com/assets/melange2020/lib/superfish/hoverIntent.js]
[www.melangesimsr.com/assets/melange2020/lib/superfish/superfish.min.js]
[www.melangesimsr.com/assets/melange2020/lib/wow/wow.min.js]
[www.melangesimsr.com/assets/melange2020/lib/venobox/venobox.min.js]
[www.melangesimsr.com/assets/melange2020/lib/bootstrap/js/bootstrap.bundle.min.js]
[www.melangesimsr.com/assets/melange2020/lib/jquery/jquery.min.js]
[www.melangesimsr.com/index.html]
[www.melangesimsr.com/assets/melange2020/css/style.css]
[www.melangesimsr.com/assets/melange2020/lib/bootstrap/css/bootstrap.min.css]
[www.melangesimsr.com/assets/melange2020/lib/owlcarousel/owl.carousel.min.js]
[www.melangesimsr.com/assets/melange2020/lib/animate/animate.min.css]
[www.melangesimsr.com/assets/melange2020/lib/venobox/venobox.css]
[ajax.cloudflare.com/cdn-cgi/scripts/7089c43e/cloudflare-static/rocket-loader.min.js]
[www.melangesimsr.com/assets/melange2020/lib/font-awesome/css/font-awesome.min.css]
[www.melangesimsr.com/assets/melange2020/lib/owlcarousel/assets/owl.carousel.min.css]
[www.melangesimsr.com/assets/melange2020/css/events/eventcategories.css]
[www.melangesimsr.com/assets/melange2020/css/preloader/preloader.css]
[www.melangesimsr.com/assets/melange2020/css/countdown/countdown.css]
[www.melangesimsr.com/assets/melange2020/css/countdown/countdown_responsive.css]
[www.melangesimsr.com/assets/melange2020/css/countdown/jquery.classycountdown.css]
[www.melangesimsr.com/assets/melange2020/css/theme/theme.css]
[www.melangesimsr.com/assets/melange2020/css/ourReach/ourReach.css]
[www.gstatic.com/firebasejs/5.7.0/firebase.js]
[www.melangesimsr.com/speaker_details09bc.html]
[www.melangesimsr.com/speaker_details585c.html]
[www.melangesimsr.com/speaker_detailsb6f2.html]
[www.melangesimsr.com/speaker_details1a60.html]
[www.melangesimsr.com/speaker_details5b07.html]
[www.melangesimsr.com/speaker_details0eef.html]
[www.melangesimsr.com/speaker_details752e.html]
[www.melangesimsr.com/speaker_details11eb.html]
[www.melangesimsr.com/speaker_detailsc0c9.html]
[www.melangesimsr.com/speaker_details2420.html]
[www.melangesimsr.com/assets/melange2020/js/app.js]
[www.melangesimsr.com/speaker_details7f0a.html]
[www.melangesimsr.com/allspeakers.html]
[www.melangesimsr.com/assets/melange2020/css/gallery.css]
[www.melangesimsr.com/assets/melange2020/img/gallery/Gallery20/Aagaz/Aagaz1.jpg]
[www.melangesimsr.com/assets/melange2020/img/gallery/Gallery20/Aagaz/Aagaz2.jpg]
[www.melangesimsr.com/assets/melange2020/img/gallery/Gallery20/Aagaz/Aagaz3.jpg]
[www.melangesimsr.com/assets/melange2020/img/gallery/Gallery20/Aagaz/Aagaz4.jpg]
[www.melangesimsr.com/assets/melange2020/img/gallery/Gallery20/Aagaz/Aagaz5.jpg]
[www.melangesimsr.com/assets/melange2020/img/gallery/Gallery20/Aagaz/Aagaz6.jpg]
[www.melangesimsr.com/assets/melange2020/img/gallery/Gallery20/Aagaz/Aagaz7.jpg]
[www.melangesimsr.com/assets/melange2020/img/gallery/Gallery20/Aagaz/Aagaz8.jpg]
[www.melangesimsr.com/assets/melange2020/img/gallery/Gallery20/Aagaz/Aagaz9.jpg]
[www.melangesimsr.com/assets/melange2020/img/gallery/Gallery20/Aagaz/Aagaz10.jpg]
[www.melangesimsr.com/assets/melange2020/img/gallery/Gallery20/CSR/CSR1.jpg]
[www.melangesimsr.com/assets/melange2020/img/gallery/Gallery20/CSR/CSR2.jpg]
[www.melangesimsr.com/assets/melange2020/img/gallery/Gallery20/CSR/CSR3.jpg]
[www.melangesimsr.com/assets/melange2020/img/gallery/Gallery20/CSR/CSR4.jpg]
[www.melangesimsr.com/assets/melange2020/img/gallery/Gallery20/CSR/CSR5.jpg]
[www.melangesimsr.com/assets/melange2020/img/gallery/Gallery20/CSR/CSR6.jpg]
[www.melangesimsr.com/assets/melange2020/img/gallery/Gallery20/CSR/CSR7.jpg]
[www.melangesimsr.com/assets/melange2020/img/gallery/Gallery20/CSR/CSR8.jpg]
[www.melangesimsr.com/assets/melange2020/img/gallery/Gallery20/CSR/CSR9.jpg]
[www.melangesimsr.com/assets/melange2020/img/gallery/Gallery20/CSR/CSR10.jpg]
[www.melangesimsr.com/assets/melange2020/img/gallery/Gallery20/Star_Night/Star_Night14.jpg]
[www.melangesimsr.com/assets/melange2020/img/gallery/Gallery20/Star_Night/Star_Night3.jpg]
[www.melangesimsr.com/assets/melange2020/img/gallery/Gallery20/Star_Night/Star_Night8.jpg]
[www.melangesimsr.com/assets/melange2020/img/gallery/Gallery20/Star_Night/Star_Night12.jpg]
[www.melangesimsr.com/assets/melange2020/img/gallery/Gallery20/Star_Night/Star_Night1.jpg]
[www.melangesimsr.com/assets/melange2020/img/gallery/Gallery20/Star_Night/Star_Night2.jpg]
[www.melangesimsr.com/assets/melange2020/img/gallery/Gallery20/Star_Night/Star_Night4.jpg]
[www.melangesimsr.com/assets/melange2020/img/gallery/Gallery20/Star_Night/Star_Night5.jpg]
[www.melangesimsr.com/assets/melange2020/img/gallery/Gallery20/Star_Night/Star_Night6.jpg]
[www.melangesimsr.com/assets/melange2020/img/gallery/Gallery20/Star_Night/Star_Night7.jpg]
[www.melangesimsr.com/assets/melange2020/img/gallery/Gallery20/Star_Night/Star_Night9.jpg]
[www.melangesimsr.com/assets/melange2020/img/gallery/Gallery20/Star_Night/Star_Night10.jpg]
[www.melangesimsr.com/assets/melange2020/img/gallery/Gallery20/Star_Night/Star_Night11.jpg]
[www.melangesimsr.com/assets/melange2020/img/gallery/Gallery20/Star_Night/Star_Night13.jpg]
[www.melangesimsr.com/assets/melange2020/js/gallery.js]
[www.melangesimsr.com/assets/melange2020/contactform/contactform.js]
[www.melangesimsr.com/gallery.html]
[www.melangesimsr.com/assets/melange2020/img/sponsors/Sponsors20/BurgerBurger.jpg]
[www.melangesimsr.com/assets/melange2020/img/sponsors/Sponsors20/BrewHouse.jpg]
[www.melangesimsr.com/assets/melange2020/img/sponsors/Sponsors20/CEX.jpg]
[www.melangesimsr.com/assets/melange2020/img/sponsors/Sponsors20/ChatChaska.jpg]
[www.melangesimsr.com/assets/melange2020/img/sponsors/Sponsors20/DP.jpg]
[www.melangesimsr.com/assets/melange2020/img/sponsors/Sponsors20/Fever104.jpg]
[www.melangesimsr.com/assets/melange2020/img/sponsors/Sponsors20/Harmony.jpg]
[www.melangesimsr.com/assets/melange2020/img/sponsors/Sponsors20/ICICI.jpg]
[www.melangesimsr.com/assets/melange2020/img/sponsors/Sponsors20/IndianRCS.png]
[www.melangesimsr.com/assets/melange2020/img/sponsors/Sponsors20/InkNWink.jpg]
[www.melangesimsr.com/assets/melange2020/img/sponsors/Sponsors20/Leo89.jpg]
[www.melangesimsr.com/assets/melange2020/img/sponsors/Sponsors20/LSR.jpg]
[www.melangesimsr.com/assets/melange2020/img/sponsors/Sponsors20/Monster.jpg]
[www.melangesimsr.com/assets/melange2020/img/sponsors/Sponsors20/Safexpress.jpg]
[www.melangesimsr.com/assets/melange2020/img/sponsors/Sponsors20/SAS.jpg]
[www.melangesimsr.com/assets/melange2020/img/sponsors/Sponsors20/SteamyMugs.jpg]
[www.melangesimsr.com/assets/melange2020/img/sponsors/Sponsors20/StreeStyle.jpg]
[www.melangesimsr.com/assets/melange2020/img/sponsors/Sponsors20/StyleMyTees.jpg]
[www.melangesimsr.com/assets/melange2020/img/sponsors/Sponsors20/Tiranga.jpg]
[www.melangesimsr.com/assets/melange2020/img/sponsors/Sponsors20/Transparenz.jpg]
[www.melangesimsr.com/assets/melange2020/img/sponsors/Sponsors20/ATKT.png]
[www.melangesimsr.com/assets/melange2020/img/sponsors/Sponsors20/Baked.jpg]
[www.melangesimsr.com/assets/melange2020/img/sponsors/Sponsors20/Mediapur.jpg]
[www.melangesimsr.com/assets/melange2020/img/sponsors/Sponsors20/TicTacToe.jpg]
[www.melangesimsr.com/assets/melange2020/img/sponsors/amd.jpg]
[www.melangesimsr.com/assets/melange2020/img/sponsors/himalaya.jpg]
[www.melangesimsr.com/assets/melange2020/img/sponsors/beardo_logo.jpg]
[www.melangesimsr.com/assets/melange2020/img/sponsors/redFM.jpg]
[www.melangesimsr.com/assets/melange2020/img/sponsors/languist_logo.png]
[www.melangesimsr.com/assets/melange2020/img/sponsors/oSeventyOne-Desserts Partner.jpg]
[www.melangesimsr.com/assets/melange2020/img/sponsors/Tally Gurukool - Training Partner.png]
[www.melangesimsr.com/assets/melange2020/img/sponsors/Zebronics_logo.png]
[www.melangesimsr.com/assets/melange2020/img/sponsors/signature_lab.jpg]
[www.melangesimsr.com/assets/melange2020/img/sponsors/ambarsariya.png]
[www.melangesimsr.com/assets/melange2020/img/sponsors/Shree_Sawan_Bazar.jpg]
[www.melangesimsr.com/assets/melange2020/img/sponsors/loco_popo.jpg]
[www.melangesimsr.com/assets/melange2020/img/sponsors/Leora_Beauty.jpg]
[www.melangesimsr.com/assets/melange2020/img/sponsors/Filmy_Cafe.jpg]
[www.melangesimsr.com/assets/melange2020/img/sponsors/burger_point.jpg]
[www.melangesimsr.com/assets/melange2020/img/sponsors/r_steam_hot.jpg]
[www.melangesimsr.com/assets/melange2020/img/sponsors/brijeel.jpg]
[www.melangesimsr.com/assets/melange2020/img/sponsors/eat_play_love.jpg]
[www.melangesimsr.com/assets/melange2020/img/sponsors/BOX8_logo.png]
[www.melangesimsr.com/assets/melange2020/img/sponsors/DCP Expeditions Logo - Medium.png]
[www.melangesimsr.com/assets/melange2020/img/sponsors/Shakes n Sundaes - Stall Partner.jpg]
[www.melangesimsr.com/assets/melange2020/img/sponsors/J_s Shack_ Stall partner.jpg]
[www.melangesimsr.com/assets/melange2020/img/sponsors/Cafe 2.0 food partner.jpg]
[www.melangesimsr.com/assets/melange2020/img/sponsors/ChaatCorner.jpg]
[www.melangesimsr.com/assets/melange2020/img/sponsors/BusinessStandard.png]
[www.melangesimsr.com/assets/melange2020/img/sponsors/GatiKWE.png]
[www.melangesimsr.com/assets/melange2020/img/sponsors/House_of_Health.png]
[www.melangesimsr.com/assets/melange2020/img/sponsors/Cut&Cut.jpg]
[www.melangesimsr.com/assets/melange2020/img/sponsors/GetMyFest.jpg]
[www.melangesimsr.com/assets/melange2020/img/sponsors/KurryKulture.jpg]
[www.melangesimsr.com/assets/melange2020/img/sponsors/MisterBeanz.jpg]
[www.melangesimsr.com/assets/melange2020/img/sponsors/PETAyouth.png]
[www.melangesimsr.com/assets/melange2020/img/sponsors/Ruee.jpg]
[www.melangesimsr.com/assets/melange2020/img/sponsors/SlicePay.png]
[www.melangesimsr.com/assets/melange2020/img/sponsors/Smaaash.png]
[www.melangesimsr.com/assets/melange2020/img/sponsors/SteamyMugs.jpg]
[www.melangesimsr.com/assets/melange2020/img/sponsors/ThinkJuice.png]
[www.melangesimsr.com/assets/melange2020/img/sponsors/Mojo.png]
[www.melangesimsr.com/assets/melange2020/img/sponsors/MOD.png]
[www.melangesimsr.com/assets/melange2020/img/sponsors/HENRY_HARVIN.png]
[www.melangesimsr.com/assets/melange2020/img/sponsors/gyan_angels.png]
[www.melangesimsr.com/assets/melange2020/img/sponsors/aakar.jpg]
[www.melangesimsr.com/assets/melange2020/img/sponsors/pothead.png]
[www.melangesimsr.com/assets/melange2020/img/sponsors/OASISS.jpg]
[www.melangesimsr.com/assets/melange2020/img/sponsors/kesa's.jpg]
[www.melangesimsr.com/assets/melange2020/img/sponsors/riidl.png]
[www.melangesimsr.com/assets/melange2020/img/sponsors/NBC logo.png]
[www.melangesimsr.com/assets/melange2020/img/sponsors/MM logo.png]
[www.melangesimsr.com/assets/melange2020/img/sponsors/kala_niketan.png]
[www.melangesimsr.com/assets/melange2020/img/sponsors/Big Belly logo.png]
[www.melangesimsr.com/assets/melange2020/img/sponsors/zoomcar.png]
[www.melangesimsr.com/assets/melange2020/img/sponsors/FORSE The Great Escape.png]
[www.melangesimsr.com/assets/melange2020/img/sponsors/FORSE_Mochi.png]
[www.melangesimsr.com/assets/melange2020/img/sponsors/FORSE_Cakes.jpg]
[www.melangesimsr.com/assets/melange2020/img/sponsors/WKV.jpg]
[www.melangesimsr.com/assets/melange2020/img/sponsors/bellezza.png]
[www.melangesimsr.com/assets/melange2020/img/sponsors/Markytics.png]
[www.melangesimsr.com/assets/melange2020/img/sponsors/22.png]
[www.melangesimsr.com/assets/melange2020/img/sponsors/28.png]
[www.melangesimsr.com/assets/melange2020/img/sponsors/29.png]
[www.melangesimsr.com/assets/melange2020/img/sponsors/12.png]
[www.melangesimsr.com/assets/melange2020/img/sponsors/11.jpg]
[www.melangesimsr.com/assets/melange2020/img/sponsors/41.png]
[www.melangesimsr.com/assets/melange2020/img/sponsors/5.png]
[www.melangesimsr.com/assets/melange2020/img/sponsors/18.png]
[www.melangesimsr.com/assets/melange2020/img/sponsors/1.jpg]
[www.melangesimsr.com/assets/melange2020/img/sponsors/2.jpg]
[www.melangesimsr.com/assets/melange2020/img/sponsors/3.png]
[www.melangesimsr.com/assets/melange2020/img/sponsors/4.png]
[www.melangesimsr.com/assets/melange2020/img/sponsors/6.png]
[www.melangesimsr.com/assets/melange2020/img/sponsors/7.jpg]
[www.melangesimsr.com/assets/melange2020/img/sponsors/8.png]
[www.melangesimsr.com/assets/melange2020/img/sponsors/9.jpg]
[www.melangesimsr.com/assets/melange2020/img/sponsors/10.png]
[www.melangesimsr.com/assets/melange2020/img/sponsors/13.jpg]
[www.melangesimsr.com/assets/melange2020/img/sponsors/14.jpg]
[www.melangesimsr.com/assets/melange2020/img/sponsors/15.png]
[www.melangesimsr.com/assets/melange2020/img/sponsors/16.png]
[www.melangesimsr.com/assets/melange2020/img/sponsors/17.png]
[www.melangesimsr.com/assets/melange2020/img/sponsors/19.png]
[www.melangesimsr.com/assets/melange2020/img/sponsors/20.png]
[www.melangesimsr.com/assets/melange2020/img/sponsors/21.jpg]
[www.melangesimsr.com/assets/melange2020/img/sponsors/23.png]
[www.melangesimsr.com/assets/melange2020/img/sponsors/24.png]
[www.melangesimsr.com/assets/melange2020/img/sponsors/25.png]
[www.melangesimsr.com/assets/melange2020/img/sponsors/26.png]
[www.melangesimsr.com/assets/melange2020/img/sponsors/27.png]
[www.melangesimsr.com/assets/melange2020/img/sponsors/30.png]
[www.melangesimsr.com/assets/melange2020/img/sponsors/31.png]
[www.melangesimsr.com/assets/melange2020/img/sponsors/32.jpg]
[www.melangesimsr.com/assets/melange2020/img/sponsors/33.jpg]
[www.melangesimsr.com/assets/melange2020/img/sponsors/34.jpg]
[www.melangesimsr.com/assets/melange2020/img/sponsors/35.png]
[www.melangesimsr.com/assets/melange2020/img/sponsors/36.jpg]
[www.melangesimsr.com/assets/melange2020/img/sponsors/37.jpg]
[www.melangesimsr.com/assets/melange2020/img/sponsors/38.jpg]
[www.melangesimsr.com/assets/melange2020/img/sponsors/39.png]
[www.melangesimsr.com/allsponsors.html]
[www.melangesimsr.com/assets/melange2020/img/star2020.jpg]
[www.melangesimsr.com/assets/melange2020/img/star2019.png]
[www.melangesimsr.com/assets/melange2020/img/star2018.png]
[www.melangesimsr.com/star_night.html]
[www.melangesimsr.com/event_details_2020b2f3.html]
[www.melangesimsr.com/event_details_2020038f]
[www.melangesimsr.com/event_details_2020b14a]
[www.melangesimsr.com/event_details_2020af8c]
[www.melangesimsr.com/event_details_2020ed36]
[www.melangesimsr.com/event_details_20206549]
[www.melangesimsr.com/event_details_2020baa9]
[www.melangesimsr.com/event_details_20207211]
[www.melangesimsr.com/event_details_2020b2c1]
[www.melangesimsr.com/event_details_20202200.html]
[www.melangesimsr.com/event_details_20204ad5.html]
[www.melangesimsr.com/assets/melange2020/img/EventPosters/War_of_Bands.jpg]
[www.melangesimsr.com/event_details_20201e7f.html]
[www.melangesimsr.com/event_details_2020bf0a.html]
[www.melangesimsr.com/event_details_202045ec]
[www.melangesimsr.com/cdn-cgi/l/email-protection]
[www.melangesimsr.com/speaker_details2e70]
[www.melangesimsr.com/speaker_detailsfc8a]
[www.melangesimsr.com/speaker_details30ce]
[www.melangesimsr.com/assets/melange2020/img/speakers/Speakers20/RanjitShetty.jpg]
[www.melangesimsr.com/speaker_details0979.html]
[www.melangesimsr.com/assets/melange2020/img/sponsors/Sponsors20/Bisleri.jpg]
[www.melangesimsr.com/assets/melange2020/img/sponsors/Sponsors20/MTV.jpg]
[www.melangesimsr.com/assets/melange2020/img/reachStudents2.jpg]
[www.melangesimsr.com/privacy_policy_app]
[www.melangesimsr.com/assets/melange2020/js/countdown/jquery-3.1.1.min.js]
[www.melangesimsr.com/assets/melange2020/img/preloader.html]
[www.melangesimsr.com/assets/melange2020/lib/font-awesome/fonts/fontawesome-webfont3e6e.eot]
[www.melangesimsr.com/assets/melange2020/lib/font-awesome/fonts/fontawesome-webfontd41d.eot]
[www.melangesimsr.com/assets/melange2020/lib/font-awesome/fonts/fontawesome-webfont3e6e.svg]
[www.melangesimsr.com/assets/melange2020/lib/font-awesome/css/font-awesome.min.css]
[www.melangesimsr.com/assets/melange2020/lib/owlcarousel/assets/owl.video.play.png]
[www.melangesimsr.com/speaker_details09bc.html]
[www.melangesimsr.com/speaker_details585c.html]
[www.melangesimsr.com/speaker_detailsb6f2.html]
[www.melangesimsr.com/speaker_details1a60.html]
[www.melangesimsr.com/speaker_details5b07.html]
[www.melangesimsr.com/speaker_details0eef.html]
[www.melangesimsr.com/speaker_details752e.html]
[www.melangesimsr.com/speaker_details11eb.html]
[www.melangesimsr.com/speaker_detailsc0c9.html]
[www.melangesimsr.com/speaker_details2420.html]
[www.melangesimsr.com/speaker_details7f0a.html]
[www.melangesimsr.com/assets/melange2020/css/gallery.css]
[www.melangesimsr.com/assets/melange2020/contactform/contactform.html]
[www.melangesimsr.com/assets/melange2020/lib/font-awesome/fonts/fontawesome-webfont3e6e.ttf]
[www.melangesimsr.com/event_details_2020038f]
[www.melangesimsr.com/event_details_2020b14a]
[www.melangesimsr.com/event_details_2020af8c]
[www.melangesimsr.com/event_details_2020ed36]
[www.melangesimsr.com/event_details_20206549]
[www.melangesimsr.com/event_details_2020baa9]
[www.melangesimsr.com/event_details_20207211]
[www.melangesimsr.com/event_details_2020b2c1]
[www.melangesimsr.com/event_details_202045ec]
[www.melangesimsr.com/cdn-cgi/l/email-protection]
[www.melangesimsr.com/speaker_details2e70]
[www.melangesimsr.com/speaker_detailsfc8a]
[www.melangesimsr.com/speaker_details30ce]
[www.melangesimsr.com/privacy_policy_app]
[www.melangesimsr.com/assets/melange2020/img/reachParticipating2.png]
[www.melangesimsr.com/assets/melange2020/img/preloader.html]
[www.melangesimsr.com/assets/melange2020/lib/font-awesome/fonts/fontawesome-webfont3e6e.html]
[www.melangesimsr.com/assets/melange2020/img/Melange Pics/Gallery20/Star_Night11.JPG]
[www.melangesimsr.com/assets/melange2020/js/main.js]
[www.melangesimsr.com/assets/melange2020/lib/font-awesome/fonts/fontawesome-webfont3e6e.svg]
[www.melangesimsr.com/event_details_2020b015]
[www.melangesimsr.com/event_details_2020b015]
[www.melangesimsr.com/assets/melange2020/lib/font-awesome/fonts/fontawesome-webfont3e6e.woff]
